Archive member included because of file (symbol)

c:/winavr-20100110/bin/../lib/gcc/avr/4.3.3/avr25\libgcc.a(_mulhi3.o)
                              freem_v1a.o (__mulhi3)
c:/winavr-20100110/bin/../lib/gcc/avr/4.3.3/avr25\libgcc.a(_exit.o)
                              c:/winavr-20100110/bin/../lib/gcc/avr/4.3.3/../../../../avr/lib/avr25/crttn85.o (exit)
c:/winavr-20100110/bin/../lib/gcc/avr/4.3.3/avr25\libgcc.a(_copy_data.o)
                              freem_v1a.o (__do_copy_data)
c:/winavr-20100110/bin/../lib/gcc/avr/4.3.3/avr25\libgcc.a(_clear_bss.o)
                              freem_v1a.o (__do_clear_bss)
c:/winavr-20100110/bin/../lib/gcc/avr/4.3.3/avr25\libgcc.a(_ashldi3.o)
                              freem_v1a.o (__ashldi3)
c:/winavr-20100110/bin/../lib/gcc/avr/4.3.3/../../../../avr/lib/avr25\libc.a(rand.o)
                              freem_v1a.o (rand)
c:/winavr-20100110/bin/../lib/gcc/avr/4.3.3/../../../../avr/lib/avr25\libc.a(eerd_block_attiny85.o)
                              freem_v1a.o (__eerd_block_tn85)
c:/winavr-20100110/bin/../lib/gcc/avr/4.3.3/../../../../avr/lib/avr25\libc.a(eerd_byte_attiny85.o)
                              freem_v1a.o (__eerd_byte_tn85)
c:/winavr-20100110/bin/../lib/gcc/avr/4.3.3/../../../../avr/lib/avr25\libc.a(eewr_block_attiny85.o)
                              freem_v1a.o (__eewr_block_tn85)
c:/winavr-20100110/bin/../lib/gcc/avr/4.3.3/../../../../avr/lib/avr25\libc.a(eewr_byte_attiny85.o)
                              freem_v1a.o (__eewr_byte_tn85)
c:/winavr-20100110/bin/../lib/gcc/avr/4.3.3/avr25\libgcc.a(_mulsi3.o)
                              c:/winavr-20100110/bin/../lib/gcc/avr/4.3.3/../../../../avr/lib/avr25\libc.a(rand.o) (__mulsi3)
c:/winavr-20100110/bin/../lib/gcc/avr/4.3.3/avr25\libgcc.a(_divmodsi4.o)
                              c:/winavr-20100110/bin/../lib/gcc/avr/4.3.3/../../../../avr/lib/avr25\libc.a(rand.o) (__divmodsi4)
c:/winavr-20100110/bin/../lib/gcc/avr/4.3.3/avr25\libgcc.a(_prologue.o)
                              c:/winavr-20100110/bin/../lib/gcc/avr/4.3.3/../../../../avr/lib/avr25\libc.a(rand.o) (__prologue_saves__)
c:/winavr-20100110/bin/../lib/gcc/avr/4.3.3/avr25\libgcc.a(_epilogue.o)
                              c:/winavr-20100110/bin/../lib/gcc/avr/4.3.3/../../../../avr/lib/avr25\libc.a(rand.o) (__epilogue_restores__)
c:/winavr-20100110/bin/../lib/gcc/avr/4.3.3/avr25\libgcc.a(_udivmodsi4.o)
                              c:/winavr-20100110/bin/../lib/gcc/avr/4.3.3/avr25\libgcc.a(_divmodsi4.o) (__udivmodsi4)

Allocating common symbols
Common symbol       size              file

keymillis           0x4               freem_v1a.o
bris                0x1               freem_v1a.o
keyheld             0x1               freem_v1a.o
key                 0x2               freem_v1a.o
changemillis        0x4               freem_v1a.o
buf                 0x8               freem_v1a.o
keylast_millis      0x4               freem_v1a.o
changemillisdiff    0x4               freem_v1a.o
keylast             0x2               freem_v1a.o

Memory Configuration

Name             Origin             Length             Attributes
text             0x00000000         0x00002000         xr
data             0x00800060         0x0000ffa0         rw !x
eeprom           0x00810000         0x00010000         rw !x
fuse             0x00820000         0x00000400         rw !x
lock             0x00830000         0x00000400         rw !x
signature        0x00840000         0x00000400         rw !x
*default*        0x00000000         0xffffffff

Linker script and memory map

LOAD c:/winavr-20100110/bin/../lib/gcc/avr/4.3.3/../../../../avr/lib/avr25/crttn85.o
LOAD freem_v1a.o
LOAD c:/winavr-20100110/bin/../lib/gcc/avr/4.3.3/avr25\libgcc.a
LOAD c:/winavr-20100110/bin/../lib/gcc/avr/4.3.3/../../../../avr/lib/avr25\libc.a
LOAD c:/winavr-20100110/bin/../lib/gcc/avr/4.3.3/avr25\libgcc.a

.hash
 *(.hash)

.dynsym
 *(.dynsym)

.dynstr
 *(.dynstr)

.gnu.version
 *(.gnu.version)

.gnu.version_d
 *(.gnu.version_d)

.gnu.version_r
 *(.gnu.version_r)

.rel.init
 *(.rel.init)

.rela.init
 *(.rela.init)

.rel.text
 *(.rel.text)
 *(.rel.text.*)
 *(.rel.gnu.linkonce.t*)

.rela.text
 *(.rela.text)
 *(.rela.text.*)
 *(.rela.gnu.linkonce.t*)

.rel.fini
 *(.rel.fini)

.rela.fini
 *(.rela.fini)

.rel.rodata
 *(.rel.rodata)
 *(.rel.rodata.*)
 *(.rel.gnu.linkonce.r*)

.rela.rodata
 *(.rela.rodata)
 *(.rela.rodata.*)
 *(.rela.gnu.linkonce.r*)

.rel.data
 *(.rel.data)
 *(.rel.data.*)
 *(.rel.gnu.linkonce.d*)

.rela.data
 *(.rela.data)
 *(.rela.data.*)
 *(.rela.gnu.linkonce.d*)

.rel.ctors
 *(.rel.ctors)

.rela.ctors
 *(.rela.ctors)

.rel.dtors
 *(.rel.dtors)

.rela.dtors
 *(.rela.dtors)

.rel.got
 *(.rel.got)

.rela.got
 *(.rela.got)

.rel.bss
 *(.rel.bss)

.rela.bss
 *(.rela.bss)

.rel.plt
 *(.rel.plt)

.rela.plt
 *(.rela.plt)

.text           0x00000000      0xed6
 *(.vectors)
 .vectors       0x00000000       0x1e c:/winavr-20100110/bin/../lib/gcc/avr/4.3.3/../../../../avr/lib/avr25/crttn85.o
                0x00000000                __vectors
                0x00000000                __vector_default
 *(.vectors)
 *(.progmem.gcc*)
 *(.progmem*)
                0x0000001e                . = ALIGN (0x2)
                0x0000001e                __trampolines_start = .
 *(.trampolines)
 .trampolines   0x0000001e        0x0 linker stubs
 *(.trampolines*)
                0x0000001e                __trampolines_end = .
 *(.jumptables)
 *(.jumptables*)
 *(.lowtext)
 *(.lowtext*)
                0x0000001e                __ctors_start = .
 *(.ctors)
                0x0000001e                __ctors_end = .
                0x0000001e                __dtors_start = .
 *(.dtors)
                0x0000001e                __dtors_end = .
 SORT(*)(.ctors)
 SORT(*)(.dtors)
 *(.init0)
 .init0         0x0000001e        0x0 c:/winavr-20100110/bin/../lib/gcc/avr/4.3.3/../../../../avr/lib/avr25/crttn85.o
                0x0000001e                __init
 *(.init0)
 *(.init1)
 *(.init1)
 *(.init2)
 .init2         0x0000001e        0xc c:/winavr-20100110/bin/../lib/gcc/avr/4.3.3/../../../../avr/lib/avr25/crttn85.o
 *(.init2)
 *(.init3)
 *(.init3)
 *(.init4)
 .init4         0x0000002a       0x16 c:/winavr-20100110/bin/../lib/gcc/avr/4.3.3/avr25\libgcc.a(_copy_data.o)
                0x0000002a                __do_copy_data
 .init4         0x00000040       0x10 c:/winavr-20100110/bin/../lib/gcc/avr/4.3.3/avr25\libgcc.a(_clear_bss.o)
                0x00000040                __do_clear_bss
 *(.init4)
 *(.init5)
 *(.init5)
 *(.init6)
 *(.init6)
 *(.init7)
 *(.init7)
 *(.init8)
 *(.init8)
 *(.init9)
 .init9         0x00000050        0x4 c:/winavr-20100110/bin/../lib/gcc/avr/4.3.3/../../../../avr/lib/avr25/crttn85.o
 *(.init9)
 *(.text)
 .text          0x00000054        0x2 c:/winavr-20100110/bin/../lib/gcc/avr/4.3.3/../../../../avr/lib/avr25/crttn85.o
                0x00000054                __vector_1
                0x00000054                __vector_12
                0x00000054                __bad_interrupt
                0x00000054                __vector_6
                0x00000054                __vector_3
                0x00000054                __vector_11
                0x00000054                __vector_13
                0x00000054                __vector_7
                0x00000054                __vector_9
                0x00000054                __vector_8
                0x00000054                __vector_14
                0x00000054                __vector_10
 .text          0x00000056      0xb30 freem_v1a.o
                0x000000f6                i2c_write
                0x000000be                i2c_start
                0x000001d0                __vector_5
                0x0000008a                i2c_readbit
                0x000000e0                i2c_stop
                0x00000470                main
                0x00000114                i2c_read
                0x00000426                __vector_4
                0x0000021c                __vector_2
                0x00000056                i2c_writebit
                0x000000a8                i2c_init
 .text          0x00000b86        0x0 c:/winavr-20100110/bin/../lib/gcc/avr/4.3.3/avr25\libgcc.a(_mulhi3.o)
 .text          0x00000b86        0x0 c:/winavr-20100110/bin/../lib/gcc/avr/4.3.3/avr25\libgcc.a(_exit.o)
 .text          0x00000b86        0x0 c:/winavr-20100110/bin/../lib/gcc/avr/4.3.3/avr25\libgcc.a(_copy_data.o)
 .text          0x00000b86        0x0 c:/winavr-20100110/bin/../lib/gcc/avr/4.3.3/avr25\libgcc.a(_clear_bss.o)
 .text          0x00000b86       0xfe c:/winavr-20100110/bin/../lib/gcc/avr/4.3.3/avr25\libgcc.a(_ashldi3.o)
                0x00000b86                __ashldi3
 .text          0x00000c84        0x0 c:/winavr-20100110/bin/../lib/gcc/avr/4.3.3/../../../../avr/lib/avr25\libc.a(rand.o)
 .text          0x00000c84        0x0 c:/winavr-20100110/bin/../lib/gcc/avr/4.3.3/../../../../avr/lib/avr25\libc.a(eerd_block_attiny85.o)
 .text          0x00000c84        0x0 c:/winavr-20100110/bin/../lib/gcc/avr/4.3.3/../../../../avr/lib/avr25\libc.a(eerd_byte_attiny85.o)
 .text          0x00000c84        0x0 c:/winavr-20100110/bin/../lib/gcc/avr/4.3.3/../../../../avr/lib/avr25\libc.a(eewr_block_attiny85.o)
 .text          0x00000c84        0x0 c:/winavr-20100110/bin/../lib/gcc/avr/4.3.3/../../../../avr/lib/avr25\libc.a(eewr_byte_attiny85.o)
 .text          0x00000c84        0x0 c:/winavr-20100110/bin/../lib/gcc/avr/4.3.3/avr25\libgcc.a(_mulsi3.o)
 .text          0x00000c84        0x0 c:/winavr-20100110/bin/../lib/gcc/avr/4.3.3/avr25\libgcc.a(_divmodsi4.o)
 .text          0x00000c84        0x0 c:/winavr-20100110/bin/../lib/gcc/avr/4.3.3/avr25\libgcc.a(_prologue.o)
 .text          0x00000c84        0x0 c:/winavr-20100110/bin/../lib/gcc/avr/4.3.3/avr25\libgcc.a(_epilogue.o)
 .text          0x00000c84        0x0 c:/winavr-20100110/bin/../lib/gcc/avr/4.3.3/avr25\libgcc.a(_udivmodsi4.o)
                0x00000c84                . = ALIGN (0x2)
 *(.text.*)
 .text.libgcc   0x00000c84       0x24 c:/winavr-20100110/bin/../lib/gcc/avr/4.3.3/avr25\libgcc.a(_mulhi3.o)
                0x00000c84                __mulhi3
 .text.libgcc   0x00000ca8        0x0 c:/winavr-20100110/bin/../lib/gcc/avr/4.3.3/avr25\libgcc.a(_exit.o)
 .text.libgcc   0x00000ca8        0x0 c:/winavr-20100110/bin/../lib/gcc/avr/4.3.3/avr25\libgcc.a(_copy_data.o)
 .text.libgcc   0x00000ca8        0x0 c:/winavr-20100110/bin/../lib/gcc/avr/4.3.3/avr25\libgcc.a(_clear_bss.o)
 .text.avr-libc
                0x00000ca8       0xb2 c:/winavr-20100110/bin/../lib/gcc/avr/4.3.3/../../../../avr/lib/avr25\libc.a(rand.o)
                0x00000d38                rand_r
                0x00000d3c                rand
                0x00000d44                srand
 .text.avr-libc
                0x00000d5a       0x20 c:/winavr-20100110/bin/../lib/gcc/avr/4.3.3/../../../../avr/lib/avr25\libc.a(eerd_block_attiny85.o)
                0x00000d5e                __eerd_blraw_tn85
                0x00000d5a                __eerd_block_tn85
 .text.avr-libc
                0x00000d7a       0x10 c:/winavr-20100110/bin/../lib/gcc/avr/4.3.3/../../../../avr/lib/avr25\libc.a(eerd_byte_attiny85.o)
                0x00000d7a                __eerd_byte_tn85
 .text.avr-libc
                0x00000d8a       0x12 c:/winavr-20100110/bin/../lib/gcc/avr/4.3.3/../../../../avr/lib/avr25\libc.a(eewr_block_attiny85.o)
                0x00000d8a                __eewr_block_tn85
 .text.avr-libc
                0x00000d9c       0x1c c:/winavr-20100110/bin/../lib/gcc/avr/4.3.3/../../../../avr/lib/avr25\libc.a(eewr_byte_attiny85.o)
                0x00000d9e                __eewr_r18_tn85
                0x00000d9c                __eewr_byte_tn85
 .text.libgcc   0x00000db8       0x32 c:/winavr-20100110/bin/../lib/gcc/avr/4.3.3/avr25\libgcc.a(_mulsi3.o)
                0x00000db8                __mulsi3
 .text.libgcc   0x00000dea       0x36 c:/winavr-20100110/bin/../lib/gcc/avr/4.3.3/avr25\libgcc.a(_divmodsi4.o)
                0x00000dea                __divmodsi4
 .text.libgcc   0x00000e20       0x38 c:/winavr-20100110/bin/../lib/gcc/avr/4.3.3/avr25\libgcc.a(_prologue.o)
                0x00000e20                __prologue_saves__
 .text.libgcc   0x00000e58       0x36 c:/winavr-20100110/bin/../lib/gcc/avr/4.3.3/avr25\libgcc.a(_epilogue.o)
                0x00000e58                __epilogue_restores__
 .text.libgcc   0x00000e8e       0x44 c:/winavr-20100110/bin/../lib/gcc/avr/4.3.3/avr25\libgcc.a(_udivmodsi4.o)
                0x00000e8e                __udivmodsi4
                0x00000ed2                . = ALIGN (0x2)
 *(.fini9)
 .fini9         0x00000ed2        0x0 c:/winavr-20100110/bin/../lib/gcc/avr/4.3.3/avr25\libgcc.a(_exit.o)
                0x00000ed2                exit
                0x00000ed2                _exit
 *(.fini9)
 *(.fini8)
 *(.fini8)
 *(.fini7)
 *(.fini7)
 *(.fini6)
 *(.fini6)
 *(.fini5)
 *(.fini5)
 *(.fini4)
 *(.fini4)
 *(.fini3)
 *(.fini3)
 *(.fini2)
 *(.fini2)
 *(.fini1)
 *(.fini1)
 *(.fini0)
 .fini0         0x00000ed2        0x4 c:/winavr-20100110/bin/../lib/gcc/avr/4.3.3/avr25\libgcc.a(_exit.o)
 *(.fini0)
                0x00000ed6                _etext = .

.data           0x00800060        0x8 load address 0x00000ed6
                0x00800060                PROVIDE (__data_start, .)
 *(.data)
 .data          0x00800060        0x0 c:/winavr-20100110/bin/../lib/gcc/avr/4.3.3/../../../../avr/lib/avr25/crttn85.o
 .data          0x00800060        0x4 freem_v1a.o
                0x00800063                freem_addr
                0x00800062                bri
                0x00800060                i2cbitdelay
 .data          0x00800064        0x0 c:/winavr-20100110/bin/../lib/gcc/avr/4.3.3/avr25\libgcc.a(_mulhi3.o)
 .data          0x00800064        0x0 c:/winavr-20100110/bin/../lib/gcc/avr/4.3.3/avr25\libgcc.a(_exit.o)
 .data          0x00800064        0x0 c:/winavr-20100110/bin/../lib/gcc/avr/4.3.3/avr25\libgcc.a(_copy_data.o)
 .data          0x00800064        0x0 c:/winavr-20100110/bin/../lib/gcc/avr/4.3.3/avr25\libgcc.a(_clear_bss.o)
 .data          0x00800064        0x0 c:/winavr-20100110/bin/../lib/gcc/avr/4.3.3/avr25\libgcc.a(_ashldi3.o)
 .data          0x00800064        0x4 c:/winavr-20100110/bin/../lib/gcc/avr/4.3.3/../../../../avr/lib/avr25\libc.a(rand.o)
 .data          0x00800068        0x0 c:/winavr-20100110/bin/../lib/gcc/avr/4.3.3/../../../../avr/lib/avr25\libc.a(eerd_block_attiny85.o)
 .data          0x00800068        0x0 c:/winavr-20100110/bin/../lib/gcc/avr/4.3.3/../../../../avr/lib/avr25\libc.a(eerd_byte_attiny85.o)
 .data          0x00800068        0x0 c:/winavr-20100110/bin/../lib/gcc/avr/4.3.3/../../../../avr/lib/avr25\libc.a(eewr_block_attiny85.o)
 .data          0x00800068        0x0 c:/winavr-20100110/bin/../lib/gcc/avr/4.3.3/../../../../avr/lib/avr25\libc.a(eewr_byte_attiny85.o)
 .data          0x00800068        0x0 c:/winavr-20100110/bin/../lib/gcc/avr/4.3.3/avr25\libgcc.a(_mulsi3.o)
 .data          0x00800068        0x0 c:/winavr-20100110/bin/../lib/gcc/avr/4.3.3/avr25\libgcc.a(_divmodsi4.o)
 .data          0x00800068        0x0 c:/winavr-20100110/bin/../lib/gcc/avr/4.3.3/avr25\libgcc.a(_prologue.o)
 .data          0x00800068        0x0 c:/winavr-20100110/bin/../lib/gcc/avr/4.3.3/avr25\libgcc.a(_epilogue.o)
 .data          0x00800068        0x0 c:/winavr-20100110/bin/../lib/gcc/avr/4.3.3/avr25\libgcc.a(_udivmodsi4.o)
 *(.data*)
 *(.rodata)
 *(.rodata*)
 *(.gnu.linkonce.d*)
                0x00800068                . = ALIGN (0x2)
                0x00800068                _edata = .
                0x00800068                PROVIDE (__data_end, .)

.bss            0x00800068       0x52
                0x00800068                PROVIDE (__bss_start, .)
 *(.bss)
 .bss           0x00800068        0x0 c:/winavr-20100110/bin/../lib/gcc/avr/4.3.3/../../../../avr/lib/avr25/crttn85.o
 .bss           0x00800068       0x34 freem_v1a.o
                0x0080006a                hue
                0x00800069                mode
                0x00800068                i2csendaddr
 .bss           0x0080009c        0x0 c:/winavr-20100110/bin/../lib/gcc/avr/4.3.3/avr25\libgcc.a(_mulhi3.o)
 .bss           0x0080009c        0x0 c:/winavr-20100110/bin/../lib/gcc/avr/4.3.3/avr25\libgcc.a(_exit.o)
 .bss           0x0080009c        0x0 c:/winavr-20100110/bin/../lib/gcc/avr/4.3.3/avr25\libgcc.a(_copy_data.o)
 .bss           0x0080009c        0x0 c:/winavr-20100110/bin/../lib/gcc/avr/4.3.3/avr25\libgcc.a(_clear_bss.o)
 .bss           0x0080009c        0x0 c:/winavr-20100110/bin/../lib/gcc/avr/4.3.3/avr25\libgcc.a(_ashldi3.o)
 .bss           0x0080009c        0x0 c:/winavr-20100110/bin/../lib/gcc/avr/4.3.3/../../../../avr/lib/avr25\libc.a(rand.o)
 .bss           0x0080009c        0x0 c:/winavr-20100110/bin/../lib/gcc/avr/4.3.3/../../../../avr/lib/avr25\libc.a(eerd_block_attiny85.o)
 .bss           0x0080009c        0x0 c:/winavr-20100110/bin/../lib/gcc/avr/4.3.3/../../../../avr/lib/avr25\libc.a(eerd_byte_attiny85.o)
 .bss           0x0080009c        0x0 c:/winavr-20100110/bin/../lib/gcc/avr/4.3.3/../../../../avr/lib/avr25\libc.a(eewr_block_attiny85.o)
 .bss           0x0080009c        0x0 c:/winavr-20100110/bin/../lib/gcc/avr/4.3.3/../../../../avr/lib/avr25\libc.a(eewr_byte_attiny85.o)
 .bss           0x0080009c        0x0 c:/winavr-20100110/bin/../lib/gcc/avr/4.3.3/avr25\libgcc.a(_mulsi3.o)
 .bss           0x0080009c        0x0 c:/winavr-20100110/bin/../lib/gcc/avr/4.3.3/avr25\libgcc.a(_divmodsi4.o)
 .bss           0x0080009c        0x0 c:/winavr-20100110/bin/../lib/gcc/avr/4.3.3/avr25\libgcc.a(_prologue.o)
 .bss           0x0080009c        0x0 c:/winavr-20100110/bin/../lib/gcc/avr/4.3.3/avr25\libgcc.a(_epilogue.o)
 .bss           0x0080009c        0x0 c:/winavr-20100110/bin/../lib/gcc/avr/4.3.3/avr25\libgcc.a(_udivmodsi4.o)
 *(.bss*)
 *(COMMON)
 COMMON         0x0080009c       0x1e freem_v1a.o
                0x0080009c                keymillis
                0x008000a0                bris
                0x008000a1                keyheld
                0x008000a2                key
                0x008000a4                changemillis
                0x008000a8                buf
                0x008000b0                keylast_millis
                0x008000b4                changemillisdiff
                0x008000b8                keylast
                0x008000ba                PROVIDE (__bss_end, .)
                0x00000ed6                __data_load_start = LOADADDR (.data)
                0x00000ede                __data_load_end = (__data_load_start + SIZEOF (.data))

.noinit         0x008000ba        0x0
                0x008000ba                PROVIDE (__noinit_start, .)
 *(.noinit*)
                0x008000ba                PROVIDE (__noinit_end, .)
                0x008000ba                _end = .
                0x008000ba                PROVIDE (__heap_start, .)

.eeprom         0x00810000       0x31
 *(.eeprom*)
 .eeprom        0x00810000       0x31 freem_v1a.o
                0x00810000                ee_freem_addr
                0x00810001                ee_colorspots
                0x00810031                __eeprom_end = .

.fuse
 *(.fuse)
 *(.lfuse)
 *(.hfuse)
 *(.efuse)

.lock
 *(.lock*)

.signature
 *(.signature*)

.stab
 *(.stab)

.stabstr
 *(.stabstr)

.stab.excl
 *(.stab.excl)

.stab.exclstr
 *(.stab.exclstr)

.stab.index
 *(.stab.index)

.stab.indexstr
 *(.stab.indexstr)

.comment
 *(.comment)

.debug
 *(.debug)

.line
 *(.line)

.debug_srcinfo
 *(.debug_srcinfo)

.debug_sfnames
 *(.debug_sfnames)

.debug_aranges  0x00000000       0x40
 *(.debug_aranges)
 .debug_aranges
                0x00000000       0x20 freem_v1a.o
 .debug_aranges
                0x00000020       0x20 c:/winavr-20100110/bin/../lib/gcc/avr/4.3.3/avr25\libgcc.a(_ashldi3.o)

.debug_pubnames
                0x00000000      0x1b0
 *(.debug_pubnames)
 .debug_pubnames
                0x00000000      0x190 freem_v1a.o
 .debug_pubnames
                0x00000190       0x20 c:/winavr-20100110/bin/../lib/gcc/avr/4.3.3/avr25\libgcc.a(_ashldi3.o)

.debug_info     0x00000000     0x103a
 *(.debug_info)
 .debug_info    0x00000000      0xebb freem_v1a.o
 .debug_info    0x00000ebb      0x17f c:/winavr-20100110/bin/../lib/gcc/avr/4.3.3/avr25\libgcc.a(_ashldi3.o)
 *(.gnu.linkonce.wi.*)

.debug_abbrev   0x00000000      0x406
 *(.debug_abbrev)
 .debug_abbrev  0x00000000      0x318 freem_v1a.o
 .debug_abbrev  0x00000318       0xee c:/winavr-20100110/bin/../lib/gcc/avr/4.3.3/avr25\libgcc.a(_ashldi3.o)

.debug_line     0x00000000      0xc94
 *(.debug_line)
 .debug_line    0x00000000      0xbbd freem_v1a.o
 .debug_line    0x00000bbd       0xd7 c:/winavr-20100110/bin/../lib/gcc/avr/4.3.3/avr25\libgcc.a(_ashldi3.o)

.debug_frame    0x00000000      0x140
 *(.debug_frame)
 .debug_frame   0x00000000      0x120 freem_v1a.o
 .debug_frame   0x00000120       0x20 c:/winavr-20100110/bin/../lib/gcc/avr/4.3.3/avr25\libgcc.a(_ashldi3.o)

.debug_str      0x00000000      0x419
 *(.debug_str)
 .debug_str     0x00000000      0x36c freem_v1a.o
                                0x3bd (size before relaxing)
 .debug_str     0x0000036c       0xad c:/winavr-20100110/bin/../lib/gcc/avr/4.3.3/avr25\libgcc.a(_ashldi3.o)
                                0x132 (size before relaxing)

.debug_loc      0x00000000      0x4ee
 *(.debug_loc)
 .debug_loc     0x00000000      0x3f6 freem_v1a.o
 .debug_loc     0x000003f6       0xf8 c:/winavr-20100110/bin/../lib/gcc/avr/4.3.3/avr25\libgcc.a(_ashldi3.o)

.debug_macinfo
 *(.debug_macinfo)
OUTPUT(freem_v1a.elf elf32-avr)
LOAD linker stubs

.debug_ranges   0x00000000       0x60
 .debug_ranges  0x00000000       0x60 freem_v1a.o
